PATH='/secure/bin:/usr/bin';
export PATH;

l_os=$(uname 2>/dev/null) || exit $?;
printf '%s\n' 'ZXFER_REMOTE_CAPS_V2';
printf '%s\t%s\n' 'os' "$l_os";

for l_tool in 'zfs' 'parallel'; do
  [ -n "$l_tool" ] || continue;
  l_path=$(command -v "$l_tool" 2>/dev/null);
  l_status=$?;
  if [ "$l_status" -eq 0 ]; then
    printf '%s\t%s\t0\t%s\n' 'tool' "$l_tool" "$l_path";
  elif [ "$l_status" -eq 1 ]; then
    printf '%s\t%s\t1\t-\n' 'tool' "$l_tool";
  else
    printf '%s\t%s\t%s\t-\n' 'tool' "$l_tool" "$l_status";
  fi;
done;

printf '%s\n' 'end';
